// Jest Snapshot v1, https://goo.gl/fbAQLP

exports[`components test for elements renders EmptyState component 1`] = `
<div>
  <div
    class="flex flex-col items-center gap-8 w-full"
    style="display: flex; flex-direction: column; align-items: center; justify-content: center; gap: 2rem;"
  >
    <svg
      class="h-48 mt-10"
      style="height: 12rem; margin-top: 3rem;"
    >
      empty.svg
    </svg>
    <div
      class="text-center text-lg"
      data-testid="empty-message"
    >
      Testing
    </div>
  </div>
</div>
`;

exports[`components test for elements renders EmptyState component with empty state message 1`] = `
<div>
  <div
    class="flex flex-col items-center gap-8 w-full"
    style="display: flex; flex-direction: column; align-items: center; justify-content: center; gap: 2rem;"
  >
    <svg
      class="h-48 mt-10"
      style="height: 12rem; margin-top: 3rem;"
    >
      empty.svg
    </svg>
    <div
      class="text-center text-lg"
      data-testid="empty-message"
    >
      Testing
    </div>
  </div>
</div>
`;

exports[`components test for elements renders FloatingActionButton 1`] = `
<div>
  <div
    class="MuiBox-root css-y8gynq"
  >
    <button
      class="MuiButtonBase-root MuiFab-root MuiFab-extended MuiFab-sizeLarge MuiFab-primary css-nubenn-MuiButtonBase-root-MuiFab-root"
      style="background-color: rgb(255, 76, 80);"
      tabindex="0"
      type="button"
    >
      <svg
        aria-hidden="true"
        class="MuiSvgIcon-root MuiSvgIcon-fontSizeMedium css-i4bv87-MuiSvgIcon-root"
        data-testid="AddIcon"
        focusable="false"
        style="margin-right: 8px;"
        viewBox="0 0 24 24"
      >
        <path
          d="M19 13h-6v6h-2v-6H5v-2h6V5h2v6h6v2z"
        />
      </svg>
      <p
        class="MuiTypography-root MuiTypography-body1 css-ahj2mt-MuiTypography-root"
      >
         New Address
      </p>
      <span
        class="MuiTouchRipple-root css-8je8zh-MuiTouchRipple-root"
      />
    </button>
  </div>
</div>
`;
