// Jest Snapshot v1, https://goo.gl/fbAQLP

exports[`components test for modules renders AddressDetail component 1`] = `
<div
  aria-hidden="true"
/>
`;
